
> domoticz-mobile@3.0.0 test
> jest --watchAll --no-coverage

PASS app/services/__tests__/DataUtils.service.test.ts
PASS app/services/__tests__/ErrorHandler.service.test.ts
FAIL app/services/__tests__/ClientHTTP.service.test.ts
  ÔùÅ Console

    console.log
      [WS traceId=aaaabbbbccccddddeeeeffffaaaabbbb] > [undefinedjson.htm?type=command&param=getdevices&filter=lights&used=true&order=Name]

      at log (app/services/ClientHTTP.service.ts:85:13)

    console.log
      [WS traceId=aaaabbbbccccddddeeeeffffaaaabbbb] < [200][t:2ms]

      at log (app/services/ClientHTTP.service.ts:44:13)

    console.log
      [WS traceId=aaaabbbbccccddddeeeeffffaaaabbbb] > [undefinedjson.htm?type=command&param=switchlight&idx=42&switchcmd=On]

      at log (app/services/ClientHTTP.service.ts:85:13)

    console.log
      [WS traceId=aaaabbbbccccddddeeeeffffaaaabbbb] < [200][t:0ms]

      at log (app/services/ClientHTTP.service.ts:44:13)

    console.log
      [WS traceId=aaaabbbbccccddddeeeeffffaaaabbbb] > [undefinedjson.htm?type=command&param=switchlight&idx=10&switchcmd=Close]

      at log (app/services/ClientHTTP.service.ts:85:13)

    console.log
      [WS traceId=aaaabbbbccccddddeeeeffffaaaabbbb] < [200][t:1ms]

      at log (app/services/ClientHTTP.service.ts:44:13)

    console.log
      [WS traceId=aaaabbbbccccddddeeeeffffaaaabbbb] > [undefinedjson.htm?type=command&param=switchlight&idx=55&switchcmd=Set%20Level&level=75]

      at log (app/services/ClientHTTP.service.ts:85:13)

    console.log
      [WS traceId=aaaabbbbccccddddeeeeffffaaaabbbb] < [200][t:0ms]

      at log (app/services/ClientHTTP.service.ts:44:13)

    console.log
      [WS traceId=aaaabbbbccccddddeeeeffffaaaabbbb] > [undefinedjson.htm?type=command&param=setsetpoint&idx=99&setpoint=21.5]

      at log (app/services/ClientHTTP.service.ts:85:13)

    console.log
      [WS traceId=aaaabbbbccccddddeeeeffffaaaabbbb] < [200][t:0ms]

      at log (app/services/ClientHTTP.service.ts:44:13)

    console.log
      [WS traceId=aaaabbbbccccddddeeeeffffaaaabbbb] > [undefinedjson.htm?type=command&param=getdevices&filter=temp&used=true&order=Name]

      at log (app/services/ClientHTTP.service.ts:85:13)

    console.log
      [WS traceId=aaaabbbbccccddddeeeeffffaaaabbbb] < [200][t:0ms]

      at log (app/services/ClientHTTP.service.ts:44:13)

    console.log
      [WS traceId=aaaabbbbccccddddeeeeffffaaaabbbb] > [undefinedjson.htm?type=command&param=getdevices&filter=lights&used=true&order=Name]

      at log (app/services/ClientHTTP.service.ts:85:13)

    console.log
      [WS traceId=aaaabbbbccccddddeeeeffffaaaabbbb] < [200][t:0ms]

      at log (app/services/ClientHTTP.service.ts:44:13)

    console.log
      [WS traceId=aaaabbbbccccddddeeeeffffaaaabbbb] > [undefinedjson.htm?type=command&param=getdevices&filter=lights&used=true&order=Name]

      at log (app/services/ClientHTTP.service.ts:85:13)

    console.log
      [WS traceId=aaaabbbbccccddddeeeeffffaaaabbbb] < [200][t:0ms]

      at log (app/services/ClientHTTP.service.ts:44:13)

    console.log
      [WS traceId=aaaabbbbccccddddeeeeffffaaaabbbb] > [undefinedjson.htm?type=command&param=getdevices&filter=lights&used=true&order=Name]

      at log (app/services/ClientHTTP.service.ts:85:13)

    console.log
      [WS traceId=aaaabbbbccccddddeeeeffffaaaabbbb] < [200][t:0ms]

      at log (app/services/ClientHTTP.service.ts:44:13)

    console.log
      [WS traceId=aaaabbbbccccddddeeeeffffaaaabbbb] > [undefinedjson.htm?type=command&param=getdevices&filter=lights&used=true&order=Name]

      at log (app/services/ClientHTTP.service.ts:85:13)

    console.log
      [WS traceId=aaaabbbbccccddddeeeeffffaaaabbbb] < [200][t:0ms]

      at log (app/services/ClientHTTP.service.ts:44:13)

    console.log
      [WS traceId=aaaabbbbccccddddeeeeffffaaaabbbb] > [undefinedjson.htm?type=command&param=getdevices&filter=lights&used=true&order=Name]

      at log (app/services/ClientHTTP.service.ts:85:13)

    console.log
      [WS traceId=aaaabbbbccccddddeeeeffffaaaabbbb] < [201][t:0ms]

      at log (app/services/ClientHTTP.service.ts:44:13)

    console.log
      [WS traceId=aaaabbbbccccddddeeeeffffaaaabbbb] > [undefinedjson.htm?type=command&param=getdevices&filter=lights&used=true&order=Name]

      at log (app/services/ClientHTTP.service.ts:85:13)

    console.log
      [WS traceId=aaaabbbbccccddddeeeeffffaaaabbbb] < [400 - Bad Request][t:1ms]

      at log (app/services/ClientHTTP.service.ts:44:13)

    console.error
      [WS traceId=aaaabbbbccccddddeeeeffffaaaabbbb] < Erreur lors de l'appel HTTP [undefinedjson.htm?type=command&param=getdevices&filter=lights&used=true&order=Name] Error: HTTP 400: Bad Request
          at C:\Users\vzwingma\IdeaProjects\domoticz-mobile\app\services\ClientHTTP.service.ts:104:23
          at processTicksAndRejections (node:internal/process/task_queues:104:5)

      123 |                 runSSLDiagnostic(fullURL);
      124 |             } else {
    > 125 |                 console.error("[WS traceId=" + traceId + "] < Erreur lors de l'appel HTTP [" + fullURL + "]", e);
          |                         ^
      126 |             }
      127 |             
      128 |             // D├®l├®guer la gestion d'erreur structur├®e au ErrorHandler

      at error (app/services/ClientHTTP.service.ts:125:25)

    console.error
      [ErrorHandler traceId=aaaabbbbccccddddeeeeffffaaaabbbb] [callDomoticz[json.htm?type=command&param=getdevices&filter=lights&used=true&order=Name]] [API_ERROR] Original: HTTP 400: Bad Request

      160 |
      161 |   // Logger l'erreur structur├®e avec traceId
    > 162 |   console.error(
          |           ^
      163 |     `[ErrorHandler traceId=${traceId}] [${context}] [${errorType}] ` +
      164 |     `Original: ${originalMessage}`
      165 |   );

      at error (app/services/ErrorHandler.service.ts:162:11)
      at app/services/ClientHTTP.service.ts:129:46

    console.log
      [WS traceId=aaaabbbbccccddddeeeeffffaaaabbbb] > [undefinedjson.htm?type=command&param=getdevices&filter=lights&used=true&order=Name]

      at log (app/services/ClientHTTP.service.ts:85:13)

    console.log
      [WS traceId=aaaabbbbccccddddeeeeffffaaaabbbb] < [500 - Internal Server Error][t:0ms]

      at log (app/services/ClientHTTP.service.ts:44:13)

    console.error
      [WS traceId=aaaabbbbccccddddeeeeffffaaaabbbb] < Erreur lors de l'appel HTTP [undefinedjson.htm?type=command&param=getdevices&filter=lights&used=true&order=Name] Error: HTTP 500: Internal Server Error
          at C:\Users\vzwingma\IdeaProjects\domoticz-mobile\app\services\ClientHTTP.service.ts:104:23
          at processTicksAndRejections (node:internal/process/task_queues:104:5)

      123 |                 runSSLDiagnostic(fullURL);
      124 |             } else {
    > 125 |                 console.error("[WS traceId=" + traceId + "] < Erreur lors de l'appel HTTP [" + fullURL + "]", e);
          |                         ^
      126 |             }
      127 |             
      128 |             // D├®l├®guer la gestion d'erreur structur├®e au ErrorHandler

      at error (app/services/ClientHTTP.service.ts:125:25)

    console.error
      [ErrorHandler traceId=aaaabbbbccccddddeeeeffffaaaabbbb] [callDomoticz[json.htm?type=command&param=getdevices&filter=lights&used=true&order=Name]] [API_ERROR] Original: HTTP 500: Internal Server Error

      160 |
      161 |   // Logger l'erreur structur├®e avec traceId
    > 162 |   console.error(
          |           ^
      163 |     `[ErrorHandler traceId=${traceId}] [${context}] [${errorType}] ` +
      164 |     `Original: ${originalMessage}`
      165 |   );

      at error (app/services/ErrorHandler.service.ts:162:11)
      at app/services/ClientHTTP.service.ts:129:46

    console.log
      [WS traceId=aaaabbbbccccddddeeeeffffaaaabbbb] > [undefinedjson.htm?type=command&param=getdevices&filter=lights&used=true&order=Name]

      at log (app/services/ClientHTTP.service.ts:85:13)

    console.log
      [WS traceId=aaaabbbbccccddddeeeeffffaaaabbbb] < [401 - Unauthorized][t:0ms]

      at log (app/services/ClientHTTP.service.ts:44:13)

    console.error
      [WS traceId=aaaabbbbccccddddeeeeffffaaaabbbb] < Erreur lors de l'appel HTTP [undefinedjson.htm?type=command&param=getdevices&filter=lights&used=true&order=Name] Error: HTTP 401: Unauthorized
          at C:\Users\vzwingma\IdeaProjects\domoticz-mobile\app\services\ClientHTTP.service.ts:104:23
          at processTicksAndRejections (node:internal/process/task_queues:104:5)

      123 |                 runSSLDiagnostic(fullURL);
      124 |             } else {
    > 125 |                 console.error("[WS traceId=" + traceId + "] < Erreur lors de l'appel HTTP [" + fullURL + "]", e);
          |                         ^
      126 |             }
      127 |             
      128 |             // D├®l├®guer la gestion d'erreur structur├®e au ErrorHandler

      at error (app/services/ClientHTTP.service.ts:125:25)

    console.error
      [ErrorHandler traceId=aaaabbbbccccddddeeeeffffaaaabbbb] [callDomoticz[json.htm?type=command&param=getdevices&filter=lights&used=true&order=Name]] [API_ERROR] Original: HTTP 401: Unauthorized

      160 |
      161 |   // Logger l'erreur structur├®e avec traceId
    > 162 |   console.error(
          |           ^
      163 |     `[ErrorHandler traceId=${traceId}] [${context}] [${errorType}] ` +
      164 |     `Original: ${originalMessage}`
      165 |   );

      at error (app/services/ErrorHandler.service.ts:162:11)
      at app/services/ClientHTTP.service.ts:129:46

    console.log
      [WS traceId=aaaabbbbccccddddeeeeffffaaaabbbb] > [undefinedjson.htm?type=command&param=getdevices&filter=lights&used=true&order=Name]

      at log (app/services/ClientHTTP.service.ts:85:13)

    console.log
      [WS traceId=aaaabbbbccccddddeeeeffffaaaabbbb] < [404 - Not Found][t:1ms]

      at log (app/services/ClientHTTP.service.ts:44:13)

    console.error
      [WS traceId=aaaabbbbccccddddeeeeffffaaaabbbb] < Erreur lors de l'appel HTTP [undefinedjson.htm?type=command&param=getdevices&filter=lights&used=true&order=Name] Error: HTTP 404: Not Found
          at C:\Users\vzwingma\IdeaProjects\domoticz-mobile\app\services\ClientHTTP.service.ts:104:23
          at processTicksAndRejections (node:internal/process/task_queues:104:5)

      123 |                 runSSLDiagnostic(fullURL);
      124 |             } else {
    > 125 |                 console.error("[WS traceId=" + traceId + "] < Erreur lors de l'appel HTTP [" + fullURL + "]", e);
          |                         ^
      126 |             }
      127 |             
      128 |             // D├®l├®guer la gestion d'erreur structur├®e au ErrorHandler

      at error (app/services/ClientHTTP.service.ts:125:25)

    console.error
      [ErrorHandler traceId=aaaabbbbccccddddeeeeffffaaaabbbb] [callDomoticz[json.htm?type=command&param=getdevices&filter=lights&used=true&order=Name]] [API_ERROR] Original: HTTP 404: Not Found

      160 |
      161 |   // Logger l'erreur structur├®e avec traceId
    > 162 |   console.error(
          |           ^
      163 |     `[ErrorHandler traceId=${traceId}] [${context}] [${errorType}] ` +
      164 |     `Original: ${originalMessage}`
      165 |   );

      at error (app/services/ErrorHandler.service.ts:162:11)
      at app/services/ClientHTTP.service.ts:129:46

    console.log
      [WS traceId=aaaabbbbccccddddeeeeffffaaaabbbb] > [undefinedjson.htm?type=command&param=getdevices&filter=lights&used=true&order=Name]

      at log (app/services/ClientHTTP.service.ts:85:13)

    console.log
      [WS traceId=aaaabbbbccccddddeeeeffffaaaabbbb] < [200][t:1ms]

      at log (app/services/ClientHTTP.service.ts:44:13)

    console.error
      [WS traceId=aaaabbbbccccddddeeeeffffaaaabbbb] < Erreur lors de l'appel HTTP [undefinedjson.htm?type=command&param=getdevices&filter=lights&used=true&order=Name] Error: undefinedjson.htm?type=command&param=getdevices&filter=lights&used=true&order=Name - API Error: Device not found
          at C:\Users\vzwingma\IdeaProjects\domoticz-mobile\app\services\ClientHTTP.service.ts:110:23
          at processTicksAndRejections (node:internal/process/task_queues:104:5)

      123 |                 runSSLDiagnostic(fullURL);
      124 |             } else {
    > 125 |                 console.error("[WS traceId=" + traceId + "] < Erreur lors de l'appel HTTP [" + fullURL + "]", e);
          |                         ^
      126 |             }
      127 |             
      128 |             // D├®l├®guer la gestion d'erreur structur├®e au ErrorHandler

      at error (app/services/ClientHTTP.service.ts:125:25)

    console.error
      [ErrorHandler traceId=aaaabbbbccccddddeeeeffffaaaabbbb] [callDomoticz[json.htm?type=command&param=getdevices&filter=lights&used=true&order=Name]] [UNKNOWN_ERROR] Original: undefinedjson.htm?type=command&param=getdevices&filter=lights&used=true&order=Name - API Error: Device not found

      160 |
      161 |   // Logger l'erreur structur├®e avec traceId
    > 162 |   console.error(
          |           ^
      163 |     `[ErrorHandler traceId=${traceId}] [${context}] [${errorType}] ` +
      164 |     `Original: ${originalMessage}`
      165 |   );

      at error (app/services/ErrorHandler.service.ts:162:11)
      at app/services/ClientHTTP.service.ts:129:46

    console.log
      [WS traceId=aaaabbbbccccddddeeeeffffaaaabbbb] > [undefinedjson.htm?type=command&param=getdevices&filter=lights&used=true&order=Name]

      at log (app/services/ClientHTTP.service.ts:85:13)

    console.log
      [WS traceId=aaaabbbbccccddddeeeeffffaaaabbbb] < [200][t:0ms]

      at log (app/services/ClientHTTP.service.ts:44:13)

    console.error
      [WS traceId=aaaabbbbccccddddeeeeffffaaaabbbb] < Erreur lors de l'appel HTTP [undefinedjson.htm?type=command&param=getdevices&filter=lights&used=true&order=Name] Error: undefinedjson.htm?type=command&param=getdevices&filter=lights&used=true&order=Name - API Error: Device not found
          at C:\Users\vzwingma\IdeaProjects\domoticz-mobile\app\services\ClientHTTP.service.ts:110:23
          at processTicksAndRejections (node:internal/process/task_queues:104:5)

      123 |                 runSSLDiagnostic(fullURL);
      124 |             } else {
    > 125 |                 console.error("[WS traceId=" + traceId + "] < Erreur lors de l'appel HTTP [" + fullURL + "]", e);
          |                         ^
      126 |             }
      127 |             
      128 |             // D├®l├®guer la gestion d'erreur structur├®e au ErrorHandler

      at error (app/services/ClientHTTP.service.ts:125:25)

    console.error
      [ErrorHandler traceId=aaaabbbbccccddddeeeeffffaaaabbbb] [callDomoticz[json.htm?type=command&param=getdevices&filter=lights&used=true&order=Name]] [UNKNOWN_ERROR] Original: undefinedjson.htm?type=command&param=getdevices&filter=lights&used=true&order=Name - API Error: Device not found

      160 |
      161 |   // Logger l'erreur structur├®e avec traceId
    > 162 |   console.error(
          |           ^
      163 |     `[ErrorHandler traceId=${traceId}] [${context}] [${errorType}] ` +
      164 |     `Original: ${originalMessage}`
      165 |   );

      at error (app/services/ErrorHandler.service.ts:162:11)
      at app/services/ClientHTTP.service.ts:129:46

    console.log
      [WS traceId=aaaabbbbccccddddeeeeffffaaaabbbb] > [undefinedjson.htm?type=command&param=getdevices&filter=lights&used=true&order=Name]

      at log (app/services/ClientHTTP.service.ts:85:13)

    console.error
      [WS traceId=aaaabbbbccccddddeeeeffffaaaabbbb] < Erreur lors de l'appel HTTP [undefinedjson.htm?type=command&param=getdevices&filter=lights&used=true&order=Name] Error: Network request failed
          at Object.<anonymous> (C:\Users\vzwingma\IdeaProjects\domoticz-mobile\app\services\__tests__\ClientHTTP.service.test.ts:267:57)
          at Generator.next (<anonymous>)
          at asyncGeneratorStep (C:\Users\vzwingma\IdeaProjects\domoticz-mobile\node_modules\@babel\runtime\helpers\asyncToGenerator.js:3:17)
          at _next (C:\Users\vzwingma\IdeaProjects\domoticz-mobile\node_modules\@babel\runtime\helpers\asyncToGenerator.js:17:9)
          at C:\Users\vzwingma\IdeaProjects\domoticz-mobile\node_modules\@babel\runtime\helpers\asyncToGenerator.js:22:7
          at new Promise (<anonymous>)
          at Object.<anonymous> (C:\Users\vzwingma\IdeaProjects\domoticz-mobile\node_modules\@babel\runtime\helpers\asyncToGenerator.js:14:12)
          at Promise.then.completed (C:\Users\vzwingma\IdeaProjects\domoticz-mobile\node_modules\jest-circus\build\utils.js:298:28)
          at new Promise (<anonymous>)
          at callAsyncCircusFn (C:\Users\vzwingma\IdeaProjects\domoticz-mobile\node_modules\jest-circus\build\utils.js:231:10)
          at _callCircusTest (C:\Users\vzwingma\IdeaProjects\domoticz-mobile\node_modules\jest-circus\build\run.js:316:40)
          at processTicksAndRejections (node:internal/process/task_queues:104:5)
          at _runTest (C:\Users\vzwingma\IdeaProjects\domoticz-mobile\node_modules\jest-circus\build\run.js:252:3)
          at _runTestsForDescribeBlock (C:\Users\vzwingma\IdeaProjects\domoticz-mobile\node_modules\jest-circus\build\run.js:126:9)
          at _runTestsForDescribeBlock (C:\Users\vzwingma\IdeaProjects\domoticz-mobile\node_modules\jest-circus\build\run.js:121:9)
          at _runTestsForDescribeBlock (C:\Users\vzwingma\IdeaProjects\domoticz-mobile\node_modules\jest-circus\build\run.js:121:9)
          at run (C:\Users\vzwingma\IdeaProjects\domoticz-mobile\node_modules\jest-circus\build\run.js:71:3)
          at runAndTransformResultsToJestFormat (C:\Users\vzwingma\IdeaProjects\domoticz-mobile\node_modules\jest-circus\build\legacy-code-todo-rewrite\jestAdapterInit.js:122:21)
          at jestAdapter (C:\Users\vzwingma\IdeaProjects\domoticz-mobile\node_modules\jest-circus\build\legacy-code-todo-rewrite\jestAdapter.js:79:19)
          at runTestInternal (C:\Users\vzwingma\IdeaProjects\domoticz-mobile\node_modules\jest-runner\build\runTest.js:367:16)
          at runTest (C:\Users\vzwingma\IdeaProjects\domoticz-mobile\node_modules\jest-runner\build\runTest.js:444:34)
          at Object.worker (C:\Users\vzwingma\IdeaProjects\domoticz-mobile\node_modules\jest-runner\build\testWorker.js:106:12)

      123 |                 runSSLDiagnostic(fullURL);
      124 |             } else {
    > 125 |                 console.error("[WS traceId=" + traceId + "] < Erreur lors de l'appel HTTP [" + fullURL + "]", e);
          |                         ^
      126 |             }
      127 |             
      128 |             // D├®l├®guer la gestion d'erreur structur├®e au ErrorHandler

      at error (app/services/ClientHTTP.service.ts:125:25)

    console.error
      [ErrorHandler traceId=aaaabbbbccccddddeeeeffffaaaabbbb] [callDomoticz[json.htm?type=command&param=getdevices&filter=lights&used=true&order=Name]] [NETWORK_ERROR] Original: Network request failed

      160 |
      161 |   // Logger l'erreur structur├®e avec traceId
    > 162 |   console.error(
          |           ^
      163 |     `[ErrorHandler traceId=${traceId}] [${context}] [${errorType}] ` +
      164 |     `Original: ${originalMessage}`
      165 |   );

      at error (app/services/ErrorHandler.service.ts:162:11)
      at app/services/ClientHTTP.service.ts:129:46

    console.log
      [WS traceId=aaaabbbbccccddddeeeeffffaaaabbbb] > [undefinedjson.htm?type=command&param=getdevices&filter=lights&used=true&order=Name]

      at log (app/services/ClientHTTP.service.ts:85:13)

    console.error
      [WS traceId=aaaabbbbccccddddeeeeffffaaaabbbb] < Erreur lors de l'appel HTTP [undefinedjson.htm?type=command&param=getdevices&filter=lights&used=true&order=Name] Error: Network request failed
          at Object.<anonymous> (C:\Users\vzwingma\IdeaProjects\domoticz-mobile\app\services\__tests__\ClientHTTP.service.test.ts:273:57)
          at Generator.next (<anonymous>)
          at asyncGeneratorStep (C:\Users\vzwingma\IdeaProjects\domoticz-mobile\node_modules\@babel\runtime\helpers\asyncToGenerator.js:3:17)
          at _next (C:\Users\vzwingma\IdeaProjects\domoticz-mobile\node_modules\@babel\runtime\helpers\asyncToGenerator.js:17:9)
          at C:\Users\vzwingma\IdeaProjects\domoticz-mobile\node_modules\@babel\runtime\helpers\asyncToGenerator.js:22:7
          at new Promise (<anonymous>)
          at Object.<anonymous> (C:\Users\vzwingma\IdeaProjects\domoticz-mobile\node_modules\@babel\runtime\helpers\asyncToGenerator.js:14:12)
          at Promise.then.completed (C:\Users\vzwingma\IdeaProjects\domoticz-mobile\node_modules\jest-circus\build\utils.js:298:28)
          at new Promise (<anonymous>)
          at callAsyncCircusFn (C:\Users\vzwingma\IdeaProjects\domoticz-mobile\node_modules\jest-circus\build\utils.js:231:10)
          at _callCircusTest (C:\Users\vzwingma\IdeaProjects\domoticz-mobile\node_modules\jest-circus\build\run.js:316:40)
          at processTicksAndRejections (node:internal/process/task_queues:104:5)
          at _runTest (C:\Users\vzwingma\IdeaProjects\domoticz-mobile\node_modules\jest-circus\build\run.js:252:3)
          at _runTestsForDescribeBlock (C:\Users\vzwingma\IdeaProjects\domoticz-mobile\node_modules\jest-circus\build\run.js:126:9)
          at _runTestsForDescribeBlock (C:\Users\vzwingma\IdeaProjects\domoticz-mobile\node_modules\jest-circus\build\run.js:121:9)
          at _runTestsForDescribeBlock (C:\Users\vzwingma\IdeaProjects\domoticz-mobile\node_modules\jest-circus\build\run.js:121:9)
          at run (C:\Users\vzwingma\IdeaProjects\domoticz-mobile\node_modules\jest-circus\build\run.js:71:3)
          at runAndTransformResultsToJestFormat (C:\Users\vzwingma\IdeaProjects\domoticz-mobile\node_modules\jest-circus\build\legacy-code-todo-rewrite\jestAdapterInit.js:122:21)
          at jestAdapter (C:\Users\vzwingma\IdeaProjects\domoticz-mobile\node_modules\jest-circus\build\legacy-code-todo-rewrite\jestAdapter.js:79:19)
          at runTestInternal (C:\Users\vzwingma\IdeaProjects\domoticz-mobile\node_modules\jest-runner\build\runTest.js:367:16)
          at runTest (C:\Users\vzwingma\IdeaProjects\domoticz-mobile\node_modules\jest-runner\build\runTest.js:444:34)
          at Object.worker (C:\Users\vzwingma\IdeaProjects\domoticz-mobile\node_modules\jest-runner\build\testWorker.js:106:12)

      123 |                 runSSLDiagnostic(fullURL);
      124 |             } else {
    > 125 |                 console.error("[WS traceId=" + traceId + "] < Erreur lors de l'appel HTTP [" + fullURL + "]", e);
          |                         ^
      126 |             }
      127 |             
      128 |             // D├®l├®guer la gestion d'erreur structur├®e au ErrorHandler

      at error (app/services/ClientHTTP.service.ts:125:25)

    console.error
      [ErrorHandler traceId=aaaabbbbccccddddeeeeffffaaaabbbb] [callDomoticz[json.htm?type=command&param=getdevices&filter=lights&used=true&order=Name]] [NETWORK_ERROR] Original: Network request failed

      160 |
      161 |   // Logger l'erreur structur├®e avec traceId
    > 162 |   console.error(
          |           ^
      163 |     `[ErrorHandler traceId=${traceId}] [${context}] [${errorType}] ` +
      164 |     `Original: ${originalMessage}`
      165 |   );

      at error (app/services/ErrorHandler.service.ts:162:11)
      at app/services/ClientHTTP.service.ts:129:46

    console.log
      [WS traceId=aaaabbbbccccddddeeeeffffaaaabbbb] > [undefinedjson.htm?type=command&param=getdevices&filter=lights&used=true&order=Name]

      at log (app/services/ClientHTTP.service.ts:85:13)

    console.error
      [WS traceId=aaaabbbbccccddddeeeeffffaaaabbbb] < Erreur lors de l'appel HTTP [undefinedjson.htm?type=command&param=getdevices&filter=lights&used=true&order=Name] TypeError: Failed to fetch
          at Object.<anonymous> (C:\Users\vzwingma\IdeaProjects\domoticz-mobile\app\services\__tests__\ClientHTTP.service.test.ts:287:9)
          at Generator.next (<anonymous>)
          at asyncGeneratorStep (C:\Users\vzwingma\IdeaProjects\domoticz-mobile\node_modules\@babel\runtime\helpers\asyncToGenerator.js:3:17)
          at _next (C:\Users\vzwingma\IdeaProjects\domoticz-mobile\node_modules\@babel\runtime\helpers\asyncToGenerator.js:17:9)
          at C:\Users\vzwingma\IdeaProjects\domoticz-mobile\node_modules\@babel\runtime\helpers\asyncToGenerator.js:22:7
          at new Promise (<anonymous>)
          at Object.<anonymous> (C:\Users\vzwingma\IdeaProjects\domoticz-mobile\node_modules\@babel\runtime\helpers\asyncToGenerator.js:14:12)
          at Promise.then.completed (C:\Users\vzwingma\IdeaProjects\domoticz-mobile\node_modules\jest-circus\build\utils.js:298:28)
          at new Promise (<anonymous>)
          at callAsyncCircusFn (C:\Users\vzwingma\IdeaProjects\domoticz-mobile\node_modules\jest-circus\build\utils.js:231:10)
          at _callCircusTest (C:\Users\vzwingma\IdeaProjects\domoticz-mobile\node_modules\jest-circus\build\run.js:316:40)
          at processTicksAndRejections (node:internal/process/task_queues:104:5)
          at _runTest (C:\Users\vzwingma\IdeaProjects\domoticz-mobile\node_modules\jest-circus\build\run.js:252:3)
          at _runTestsForDescribeBlock (C:\Users\vzwingma\IdeaProjects\domoticz-mobile\node_modules\jest-circus\build\run.js:126:9)
          at _runTestsForDescribeBlock (C:\Users\vzwingma\IdeaProjects\domoticz-mobile\node_modules\jest-circus\build\run.js:121:9)
          at _runTestsForDescribeBlock (C:\Users\vzwingma\IdeaProjects\domoticz-mobile\node_modules\jest-circus\build\run.js:121:9)
          at run (C:\Users\vzwingma\IdeaProjects\domoticz-mobile\node_modules\jest-circus\build\run.js:71:3)
          at runAndTransformResultsToJestFormat (C:\Users\vzwingma\IdeaProjects\domoticz-mobile\node_modules\jest-circus\build\legacy-code-todo-rewrite\jestAdapterInit.js:122:21)
          at jestAdapter (C:\Users\vzwingma\IdeaProjects\domoticz-mobile\node_modules\jest-circus\build\legacy-code-todo-rewrite\jestAdapter.js:79:19)
          at runTestInternal (C:\Users\vzwingma\IdeaProjects\domoticz-mobile\node_modules\jest-runner\build\runTest.js:367:16)
          at runTest (C:\Users\vzwingma\IdeaProjects\domoticz-mobile\node_modules\jest-runner\build\runTest.js:444:34)
          at Object.worker (C:\Users\vzwingma\IdeaProjects\domoticz-mobile\node_modules\jest-runner\build\testWorker.js:106:12)

      123 |                 runSSLDiagnostic(fullURL);
      124 |             } else {
    > 125 |                 console.error("[WS traceId=" + traceId + "] < Erreur lors de l'appel HTTP [" + fullURL + "]", e);
          |                         ^
      126 |             }
      127 |             
      128 |             // D├®l├®guer la gestion d'erreur structur├®e au ErrorHandler

      at error (app/services/ClientHTTP.service.ts:125:25)

    console.error
      [ErrorHandler traceId=aaaabbbbccccddddeeeeffffaaaabbbb] [callDomoticz[json.htm?type=command&param=getdevices&filter=lights&used=true&order=Name]] [NETWORK_ERROR] Original: Failed to fetch

      160 |
      161 |   // Logger l'erreur structur├®e avec traceId
    > 162 |   console.error(
          |           ^
      163 |     `[ErrorHandler traceId=${traceId}] [${context}] [${errorType}] ` +
      164 |     `Original: ${originalMessage}`
      165 |   );

      at error (app/services/ErrorHandler.service.ts:162:11)
      at app/services/ClientHTTP.service.ts:129:46

    console.log
      [WS traceId=aaaabbbbccccddddeeeeffffaaaabbbb] > [undefinedjson.htm?type=command&param=getdevices&filter=lights&used=true&order=Name]

      at log (app/services/ClientHTTP.service.ts:85:13)

    console.log
      [WS traceId=aaaabbbbccccddddeeeeffffaaaabbbb] > [undefinedjson.htm?type=command&param=getdevices&filter=lights&used=true&order=Name]

      at log (app/services/ClientHTTP.service.ts:85:13)

    console.log
      [WS traceId=aaaabbbbccccddddeeeeffffaaaabbbb] > [undefinedjson.htm?type=command&param=getdevices&filter=lights&used=true&order=Name]

      at log (app/services/ClientHTTP.service.ts:85:13)

    console.log
      [WS traceId=aaaabbbbccccddddeeeeffffaaaabbbb] > [undefinedjson.htm?type=command&param=getdevices&filter=lights&used=true&order=Name]

      at log (app/services/ClientHTTP.service.ts:85:13)

    console.log
      [WS traceId=aaaabbbbccccddddeeeeffffaaaabbbb] > [undefinedhttps://secure.endpoint/resource]

      at log (app/services/ClientHTTP.service.ts:85:13)

  ÔùÅ callDomoticz ÔÇ║ Status Domoticz "ERR" ÔÇ║ inclut le message d'erreur Domoticz dans l'exception

    expect(received).toBe(expected) // Object.is equality

    Expected: "API_ERROR"
    Received: "UNKNOWN_ERROR"

      257 |       expect(error.message).toBeDefined();
      258 |       // V├®rifier que c'est une erreur API (API_ERROR)
    > 259 |       expect(error.errorType).toBe('API_ERROR');
          |                               ^
      260 |     });
      261 |   });
      262 |

      at Object.toBe (app/services/__tests__/ClientHTTP.service.test.ts:259:31)
      at asyncGeneratorStep (node_modules/@babel/runtime/helpers/asyncToGenerator.js:3:17)
      at _next (node_modules/@babel/runtime/helpers/asyncToGenerator.js:17:9)

PASS app/(tabs)/__tests__/temperatures.tab.test.tsx
PASS app/(tabs)/__tests__/devices.tabs.test.tsx
PASS app/(tabs)/__tests__/parametrages.tab.test.tsx
PASS app/controllers/__tests__/devices.controller.test.ts
  ÔùÅ Console

    console.error
      [ErrorHandler traceId=019df31d6895726b85ba61da165f31f7] [loadDomoticzDevices] [NETWORK_ERROR] Original: Network error

      160 |
      161 |   // Logger l'erreur structur├®e avec traceId
    > 162 |   console.error(
          |           ^
      163 |     `[ErrorHandler traceId=${traceId}] [${context}] [${errorType}] ` +
      164 |     `Original: ${originalMessage}`
      165 |   );

      at error (app/services/ErrorHandler.service.ts:162:11)
      at app/controllers/devices.controller.tsx:64:24

    console.log
      Mise ├á jour de l'├®quipement  Lumi├¿re Salon [113] Off

      at log (app/controllers/devices.controller.tsx:153:13)

    console.error
      [ErrorHandler traceId=019df31d68a97614bf10ed47a667fb4c] [loadDomoticzDevices] [UNKNOWN_ERROR] Original: Cannot read properties of undefined (reading 'map')

      160 |
      161 |   // Logger l'erreur structur├®e avec traceId
    > 162 |   console.error(
          |           ^
      163 |     `[ErrorHandler traceId=${traceId}] [${context}] [${errorType}] ` +
      164 |     `Original: ${originalMessage}`
      165 |   );

      at error (app/services/ErrorHandler.service.ts:162:11)
      at app/controllers/devices.controller.tsx:64:24

    console.log
      Mise ├á jour de l'├®quipement  Lumi├¿re Salon [113] Off

      at log (app/controllers/devices.controller.tsx:153:13)

    console.error
      [ErrorHandler traceId=019df31d68b872c7b146866be5116cfc] [loadDomoticzDevices] [UNKNOWN_ERROR] Original: Cannot read properties of undefined (reading 'map')

      160 |
      161 |   // Logger l'erreur structur├®e avec traceId
    > 162 |   console.error(
          |           ^
      163 |     `[ErrorHandler traceId=${traceId}] [${context}] [${errorType}] ` +
      164 |     `Original: ${originalMessage}`
      165 |   );

      at error (app/services/ErrorHandler.service.ts:162:11)
      at app/controllers/devices.controller.tsx:64:24

    console.log
      Mise ├á jour de l'├®quipement Lumi├¿re Salon [113] 50%

      at log (app/controllers/devices.controller.tsx:127:17)

    console.error
      [ErrorHandler traceId=019df31d68d0775aa867cec88f220589] [loadDomoticzDevices] [UNKNOWN_ERROR] Original: Cannot read properties of undefined (reading 'map')

      160 |
      161 |   // Logger l'erreur structur├®e avec traceId
    > 162 |   console.error(
          |           ^
      163 |     `[ErrorHandler traceId=${traceId}] [${context}] [${errorType}] ` +
      164 |     `Original: ${originalMessage}`
      165 |   );

      at error (app/services/ErrorHandler.service.ts:162:11)
      at app/controllers/devices.controller.tsx:64:24

    console.log
      Mise ├á jour de l'├®quipement  Lumi├¿re Salon [113] Off

      at log (app/controllers/devices.controller.tsx:153:13)

    console.error
      [ErrorHandler traceId=019df31d68e170b9980db93c0219d085] [loadDomoticzDevices] [UNKNOWN_ERROR] Original: Cannot read properties of undefined (reading 'map')

      160 |
      161 |   // Logger l'erreur structur├®e avec traceId
    > 162 |   console.error(
          |           ^
      163 |     `[ErrorHandler traceId=${traceId}] [${context}] [${errorType}] ` +
      164 |     `Original: ${originalMessage}`
      165 |   );

      at error (app/services/ErrorHandler.service.ts:162:11)
      at app/controllers/devices.controller.tsx:64:24

    console.log
      Mise ├á jour de l'├®quipement Lumi├¿re Salon [113] 100%

      at log (app/controllers/devices.controller.tsx:127:17)

    console.error
      [ErrorHandler traceId=019df31d68ef70988db2effd4eb3191e] [loadDomoticzDevices] [UNKNOWN_ERROR] Original: Cannot read properties of undefined (reading 'map')

      160 |
      161 |   // Logger l'erreur structur├®e avec traceId
    > 162 |   console.error(
          |           ^
      163 |     `[ErrorHandler traceId=${traceId}] [${context}] [${errorType}] ` +
      164 |     `Original: ${originalMessage}`
      165 |   );

      at error (app/services/ErrorHandler.service.ts:162:11)
      at app/controllers/devices.controller.tsx:64:24

PASS app/controllers/__tests__/thermostats.controller.test.ts
  ÔùÅ Console

    console.error
      [ErrorHandler traceId=019df31d6b7e71eca909bdf30994c555] [loadDomoticzThermostats] [NETWORK_ERROR] Original: Network error

      160 |
      161 |   // Logger l'erreur structur├®e avec traceId
    > 162 |   console.error(
          |           ^
      163 |     `[ErrorHandler traceId=${traceId}] [${context}] [${errorType}] ` +
      164 |     `Original: ${originalMessage}`
      165 |   );

      at error (app/services/ErrorHandler.service.ts:162:11)
      at app/controllers/thermostats.controller.tsx:46:24

    console.log
      Mise ├á jour de l'├®quipement Thermostat Chambre [10] 22┬░C

      at log (app/controllers/thermostats.controller.tsx:86:13)

    console.log
      Mise ├á jour de l'├®quipement Thermostat Chambre [10] 22┬░C

      at log (app/controllers/thermostats.controller.tsx:96:21)

    console.log
      Mise ├á jour de l'├®quipement Thermostat Chambre [10] 5┬░C

      at log (app/controllers/thermostats.controller.tsx:86:13)

    console.log
      Mise ├á jour de l'├®quipement Thermostat Chambre [10] 5┬░C

      at log (app/controllers/thermostats.controller.tsx:96:21)

    console.log
      Mise ├á jour de l'├®quipement Thermostat Chambre [10] 30┬░C

      at log (app/controllers/thermostats.controller.tsx:86:13)

    console.log
      Mise ├á jour de l'├®quipement Thermostat Chambre [10] 30┬░C

      at log (app/controllers/thermostats.controller.tsx:96:21)

    console.log
      Mise ├á jour de l'├®quipement Thermostat Chambre [10] 20┬░C

      at log (app/controllers/thermostats.controller.tsx:86:13)

    console.log
      Mise ├á jour de l'├®quipement Thermostat Chambre [10] 20┬░C

      at log (app/controllers/thermostats.controller.tsx:96:21)

PASS app/controllers/__tests__/parameters.controller.test.ts
  ÔùÅ Console

    console.error
      [ErrorHandler traceId=019df31d6bb972ec911fd915f1176ed3] [loadDomoticzParameters] [NETWORK_ERROR] Original: Network error

      160 |
      161 |   // Logger l'erreur structur├®e avec traceId
    > 162 |   console.error(
          |           ^
      163 |     `[ErrorHandler traceId=${traceId}] [${context}] [${errorType}] ` +
      164 |     `Original: ${originalMessage}`
      165 |   );

      at error (app/services/ErrorHandler.service.ts:162:11)
      at app/controllers/parameters.controller.tsx:42:24

    console.log
      Mise ├á jour du param├¿tre [Param] Pr├®sence [200] Occup├®

      at log (app/controllers/parameters.controller.tsx:57:13)

    console.log
      Mise ├á jour du param├¿tre [Param] Pr├®sence [200] Absent pour longtemps

      at log (app/controllers/parameters.controller.tsx:57:13)

    console.log
      Mise ├á jour du param├¿tre [Param] Pr├®sence [200] Occup├®

      at log (app/controllers/parameters.controller.tsx:57:13)

    console.log
      Mise ├á jour du param├¿tre [Param] Pr├®sence [200] Occup├®

      at log (app/controllers/parameters.controller.tsx:57:13)

    console.error
      [ErrorHandler traceId=019df31d6c267159bec7a93da435ee6e] [updateParameterValue] [UNKNOWN_ERROR] Original: Command failed

      160 |
      161 |   // Logger l'erreur structur├®e avec traceId
    > 162 |   console.error(
          |           ^
      163 |     `[ErrorHandler traceId=${traceId}] [${context}] [${errorType}] ` +
      164 |     `Original: ${originalMessage}`
      165 |   );

      at error (app/services/ErrorHandler.service.ts:162:11)
      at app/controllers/parameters.controller.tsx:64:24

    console.error
      [ErrorHandler traceId=019df31d6c28746fb19c7cb4683b4ffa] [loadDomoticzParameters] [UNKNOWN_ERROR] Original: Command failed

      160 |
      161 |   // Logger l'erreur structur├®e avec traceId
    > 162 |   console.error(
          |           ^
      163 |     `[ErrorHandler traceId=${traceId}] [${context}] [${errorType}] ` +
      164 |     `Original: ${originalMessage}`
      165 |   );

      at error (app/services/ErrorHandler.service.ts:162:11)
      at app/controllers/parameters.controller.tsx:42:24

PASS app/components/__tests__/thermostat.component.test.ts
PASS app/(tabs)/__tests__/index.test.tsx
  ÔùÅ Console

    console.error
      An update to HomeScreen inside a test was not wrapped in act(...).
      
      When testing, code that causes React state updates should be wrapped into act(...):
      
      act(() => {
        /* fire events that update state */
      });
      /* assert on the output */
      
      This ensures that you're testing the behavior the user would see in the browser. Learn more at https://react.dev/link/wrap-tests-with-act

      63 |       })
      64 |
    > 65 |       setFavorites(favoriteDevices);
         |       ^
      66 |     });
      67 |   }
      68 | }

      at node_modules/react-test-renderer/cjs/react-test-renderer.development.js:14402:19
      at runWithFiberInDEV (node_modules/react-test-renderer/cjs/react-test-renderer.development.js:2315:13)
      at warnIfUpdatesNotWrappedWithActDEV (node_modules/react-test-renderer/cjs/react-test-renderer.development.js:14401:9)
      at scheduleUpdateOnFiber (node_modules/react-test-renderer/cjs/react-test-renderer.development.js:12086:9)
      at dispatchSetStateInternal (node_modules/react-test-renderer/cjs/react-test-renderer.development.js:6208:13)
      at dispatchSetState (node_modules/react-test-renderer/cjs/react-test-renderer.development.js:6165:7)
      at setFavorites (C:\Users\vzwingma\IdeaProjects\domoticz-mobile\app\(tabs)../../../../index.tsx:65:7)

    console.error
      An update to HomeScreen inside a test was not wrapped in act(...).
      
      When testing, code that causes React state updates should be wrapped into act(...):
      
      act(() => {
        /* fire events that update state */
      });
      /* assert on the output */
      
      This ensures that you're testing the behavior the user would see in the browser. Learn more at https://react.dev/link/wrap-tests-with-act

      63 |       })
      64 |
    > 65 |       setFavorites(favoriteDevices);
         |       ^
      66 |     });
      67 |   }
      68 | }

      at node_modules/react-test-renderer/cjs/react-test-renderer.development.js:14402:19
      at runWithFiberInDEV (node_modules/react-test-renderer/cjs/react-test-renderer.development.js:2315:13)
      at warnIfUpdatesNotWrappedWithActDEV (node_modules/react-test-renderer/cjs/react-test-renderer.development.js:14401:9)
      at scheduleUpdateOnFiber (node_modules/react-test-renderer/cjs/react-test-renderer.development.js:12086:9)
      at dispatchSetStateInternal (node_modules/react-test-renderer/cjs/react-test-renderer.development.js:6208:13)
      at dispatchSetState (node_modules/react-test-renderer/cjs/react-test-renderer.development.js:6165:7)
      at setFavorites (C:\Users\vzwingma\IdeaProjects\domoticz-mobile\app\(tabs)../../../../index.tsx:65:7)

    console.error
      An update to HomeScreen inside a test was not wrapped in act(...).
      
      When testing, code that causes React state updates should be wrapped into act(...):
      
      act(() => {
        /* fire events that update state */
      });
      /* assert on the output */
      
      This ensures that you're testing the behavior the user would see in the browser. Learn more at https://react.dev/link/wrap-tests-with-act

      63 |       })
      64 |
    > 65 |       setFavorites(favoriteDevices);
         |       ^
      66 |     });
      67 |   }
      68 | }

      at node_modules/react-test-renderer/cjs/react-test-renderer.development.js:14402:19
      at runWithFiberInDEV (node_modules/react-test-renderer/cjs/react-test-renderer.development.js:2315:13)
      at warnIfUpdatesNotWrappedWithActDEV (node_modules/react-test-renderer/cjs/react-test-renderer.development.js:14401:9)
      at scheduleUpdateOnFiber (node_modules/react-test-renderer/cjs/react-test-renderer.development.js:12086:9)
      at dispatchSetStateInternal (node_modules/react-test-renderer/cjs/react-test-renderer.development.js:6208:13)
      at dispatchSetState (node_modules/react-test-renderer/cjs/react-test-renderer.development.js:6165:7)
      at setFavorites (C:\Users\vzwingma\IdeaProjects\domoticz-mobile\app\(tabs)../../../../index.tsx:65:7)

    console.error
      An update to HomeScreen inside a test was not wrapped in act(...).
      
      When testing, code that causes React state updates should be wrapped into act(...):
      
      act(() => {
        /* fire events that update state */
      });
      /* assert on the output */
      
      This ensures that you're testing the behavior the user would see in the browser. Learn more at https://react.dev/link/wrap-tests-with-act

      63 |       })
      64 |
    > 65 |       setFavorites(favoriteDevices);
         |       ^
      66 |     });
      67 |   }
      68 | }

      at node_modules/react-test-renderer/cjs/react-test-renderer.development.js:14402:19
      at runWithFiberInDEV (node_modules/react-test-renderer/cjs/react-test-renderer.development.js:2315:13)
      at warnIfUpdatesNotWrappedWithActDEV (node_modules/react-test-renderer/cjs/react-test-renderer.development.js:14401:9)
      at scheduleUpdateOnFiber (node_modules/react-test-renderer/cjs/react-test-renderer.development.js:12086:9)
      at dispatchSetStateInternal (node_modules/react-test-renderer/cjs/react-test-renderer.development.js:6208:13)
      at dispatchSetState (node_modules/react-test-renderer/cjs/react-test-renderer.development.js:6165:7)
      at setFavorites (C:\Users\vzwingma\IdeaProjects\domoticz-mobile\app\(tabs)../../../../index.tsx:65:7)

    console.error
      An update to HomeScreen inside a test was not wrapped in act(...).
      
      When testing, code that causes React state updates should be wrapped into act(...):
      
      act(() => {
        /* fire events that update state */
      });
      /* assert on the output */
      
      This ensures that you're testing the behavior the user would see in the browser. Learn more at https://react.dev/link/wrap-tests-with-act

      63 |       })
      64 |
    > 65 |       setFavorites(favoriteDevices);
         |       ^
      66 |     });
      67 |   }
      68 | }

      at node_modules/react-test-renderer/cjs/react-test-renderer.development.js:14402:19
      at runWithFiberInDEV (node_modules/react-test-renderer/cjs/react-test-renderer.development.js:2315:13)
      at warnIfUpdatesNotWrappedWithActDEV (node_modules/react-test-renderer/cjs/react-test-renderer.development.js:14401:9)
      at scheduleUpdateOnFiber (node_modules/react-test-renderer/cjs/react-test-renderer.development.js:12086:9)
      at dispatchSetStateInternal (node_modules/react-test-renderer/cjs/react-test-renderer.development.js:6208:13)
      at dispatchSetState (node_modules/react-test-renderer/cjs/react-test-renderer.development.js:6165:7)
      at setFavorites (C:\Users\vzwingma\IdeaProjects\domoticz-mobile\app\(tabs)../../../../index.tsx:65:7)

    console.error
      An update to HomeScreen inside a test was not wrapped in act(...).
      
      When testing, code that causes React state updates should be wrapped into act(...):
      
      act(() => {
        /* fire events that update state */
      });
      /* assert on the output */
      
      This ensures that you're testing the behavior the user would see in the browser. Learn more at https://react.dev/link/wrap-tests-with-act

      63 |       })
      64 |
    > 65 |       setFavorites(favoriteDevices);
         |       ^
      66 |     });
      67 |   }
      68 | }

      at node_modules/react-test-renderer/cjs/react-test-renderer.development.js:14402:19
      at runWithFiberInDEV (node_modules/react-test-renderer/cjs/react-test-renderer.development.js:2315:13)
      at warnIfUpdatesNotWrappedWithActDEV (node_modules/react-test-renderer/cjs/react-test-renderer.development.js:14401:9)
      at scheduleUpdateOnFiber (node_modules/react-test-renderer/cjs/react-test-renderer.development.js:12086:9)
      at dispatchSetStateInternal (node_modules/react-test-renderer/cjs/react-test-renderer.development.js:6208:13)
      at dispatchSetState (node_modules/react-test-renderer/cjs/react-test-renderer.development.js:6165:7)
      at setFavorites (C:\Users\vzwingma\IdeaProjects\domoticz-mobile\app\(tabs)../../../../index.tsx:65:7)

    console.error
      An update to HomeScreen inside a test was not wrapped in act(...).
      
      When testing, code that causes React state updates should be wrapped into act(...):
      
      act(() => {
        /* fire events that update state */
      });
      /* assert on the output */
      
      This ensures that you're testing the behavior the user would see in the browser. Learn more at https://react.dev/link/wrap-tests-with-act

      63 |       })
      64 |
    > 65 |       setFavorites(favoriteDevices);
         |       ^
      66 |     });
      67 |   }
      68 | }

      at node_modules/react-test-renderer/cjs/react-test-renderer.development.js:14402:19
      at runWithFiberInDEV (node_modules/react-test-renderer/cjs/react-test-renderer.development.js:2315:13)
      at warnIfUpdatesNotWrappedWithActDEV (node_modules/react-test-renderer/cjs/react-test-renderer.development.js:14401:9)
      at scheduleUpdateOnFiber (node_modules/react-test-renderer/cjs/react-test-renderer.development.js:12086:9)
      at dispatchSetStateInternal (node_modules/react-test-renderer/cjs/react-test-renderer.development.js:6208:13)
      at dispatchSetState (node_modules/react-test-renderer/cjs/react-test-renderer.development.js:6165:7)
      at setFavorites (C:\Users\vzwingma\IdeaProjects\domoticz-mobile\app\(tabs)../../../../index.tsx:65:7)

    console.error
      An update to HomeScreen inside a test was not wrapped in act(...).
      
      When testing, code that causes React state updates should be wrapped into act(...):
      
      act(() => {
        /* fire events that update state */
      });
      /* assert on the output */
      
      This ensures that you're testing the behavior the user would see in the browser. Learn more at https://react.dev/link/wrap-tests-with-act

      63 |       })
      64 |
    > 65 |       setFavorites(favoriteDevices);
         |       ^
      66 |     });
      67 |   }
      68 | }

      at node_modules/react-test-renderer/cjs/react-test-renderer.development.js:14402:19
      at runWithFiberInDEV (node_modules/react-test-renderer/cjs/react-test-renderer.development.js:2315:13)
      at warnIfUpdatesNotWrappedWithActDEV (node_modules/react-test-renderer/cjs/react-test-renderer.development.js:14401:9)
      at scheduleUpdateOnFiber (node_modules/react-test-renderer/cjs/react-test-renderer.development.js:12086:9)
      at dispatchSetStateInternal (node_modules/react-test-renderer/cjs/react-test-renderer.development.js:6208:13)
      at dispatchSetState (node_modules/react-test-renderer/cjs/react-test-renderer.development.js:6165:7)
      at setFavorites (C:\Users\vzwingma\IdeaProjects\domoticz-mobile\app\(tabs)../../../../index.tsx:65:7)

    console.error
      An update to HomeScreen inside a test was not wrapped in act(...).
      
      When testing, code that causes React state updates should be wrapped into act(...):
      
      act(() => {
        /* fire events that update state */
      });
      /* assert on the output */
      
      This ensures that you're testing the behavior the user would see in the browser. Learn more at https://react.dev/link/wrap-tests-with-act

      63 |       })
      64 |
    > 65 |       setFavorites(favoriteDevices);
         |       ^
      66 |     });
      67 |   }
      68 | }

      at node_modules/react-test-renderer/cjs/react-test-renderer.development.js:14402:19
      at runWithFiberInDEV (node_modules/react-test-renderer/cjs/react-test-renderer.development.js:2315:13)
      at warnIfUpdatesNotWrappedWithActDEV (node_modules/react-test-renderer/cjs/react-test-renderer.development.js:14401:9)
      at scheduleUpdateOnFiber (node_modules/react-test-renderer/cjs/react-test-renderer.development.js:12086:9)
      at dispatchSetStateInternal (node_modules/react-test-renderer/cjs/react-test-renderer.development.js:6208:13)
      at dispatchSetState (node_modules/react-test-renderer/cjs/react-test-renderer.development.js:6165:7)
      at setFavorites (C:\Users\vzwingma\IdeaProjects\domoticz-mobile\app\(tabs)../../../../index.tsx:65:7)

    console.error
      An update to HomeScreen inside a test was not wrapped in act(...).
      
      When testing, code that causes React state updates should be wrapped into act(...):
      
      act(() => {
        /* fire events that update state */
      });
      /* assert on the output */
      
      This ensures that you're testing the behavior the user would see in the browser. Learn more at https://react.dev/link/wrap-tests-with-act

      63 |       })
      64 |
    > 65 |       setFavorites(favoriteDevices);
         |       ^
      66 |     });
      67 |   }
      68 | }

      at node_modules/react-test-renderer/cjs/react-test-renderer.development.js:14402:19
      at runWithFiberInDEV (node_modules/react-test-renderer/cjs/react-test-renderer.development.js:2315:13)
      at warnIfUpdatesNotWrappedWithActDEV (node_modules/react-test-renderer/cjs/react-test-renderer.development.js:14401:9)
      at scheduleUpdateOnFiber (node_modules/react-test-renderer/cjs/react-test-renderer.development.js:12086:9)
      at dispatchSetStateInternal (node_modules/react-test-renderer/cjs/react-test-renderer.development.js:6208:13)
      at dispatchSetState (node_modules/react-test-renderer/cjs/react-test-renderer.development.js:6165:7)
      at setFavorites (C:\Users\vzwingma\IdeaProjects\domoticz-mobile\app\(tabs)../../../../index.tsx:65:7)

    console.error
      An update to HomeScreen inside a test was not wrapped in act(...).
      
      When testing, code that causes React state updates should be wrapped into act(...):
      
      act(() => {
        /* fire events that update state */
      });
      /* assert on the output */
      
      This ensures that you're testing the behavior the user would see in the browser. Learn more at https://react.dev/link/wrap-tests-with-act

      63 |       })
      64 |
    > 65 |       setFavorites(favoriteDevices);
         |       ^
      66 |     });
      67 |   }
      68 | }

      at node_modules/react-test-renderer/cjs/react-test-renderer.development.js:14402:19
      at runWithFiberInDEV (node_modules/react-test-renderer/cjs/react-test-renderer.development.js:2315:13)
      at warnIfUpdatesNotWrappedWithActDEV (node_modules/react-test-renderer/cjs/react-test-renderer.development.js:14401:9)
      at scheduleUpdateOnFiber (node_modules/react-test-renderer/cjs/react-test-renderer.development.js:12086:9)
      at dispatchSetStateInternal (node_modules/react-test-renderer/cjs/react-test-renderer.development.js:6208:13)
      at dispatchSetState (node_modules/react-test-renderer/cjs/react-test-renderer.development.js:6165:7)
      at setFavorites (C:\Users\vzwingma\IdeaProjects\domoticz-mobile\app\(tabs)../../../../index.tsx:65:7)

    console.error
      An update to HomeScreen inside a test was not wrapped in act(...).
      
      When testing, code that causes React state updates should be wrapped into act(...):
      
      act(() => {
        /* fire events that update state */
      });
      /* assert on the output */
      
      This ensures that you're testing the behavior the user would see in the browser. Learn more at https://react.dev/link/wrap-tests-with-act

      63 |       })
      64 |
    > 65 |       setFavorites(favoriteDevices);
         |       ^
      66 |     });
      67 |   }
      68 | }

      at node_modules/react-test-renderer/cjs/react-test-renderer.development.js:14402:19
      at runWithFiberInDEV (node_modules/react-test-renderer/cjs/react-test-renderer.development.js:2315:13)
      at warnIfUpdatesNotWrappedWithActDEV (node_modules/react-test-renderer/cjs/react-test-renderer.development.js:14401:9)
      at scheduleUpdateOnFiber (node_modules/react-test-renderer/cjs/react-test-renderer.development.js:12086:9)
      at dispatchSetStateInternal (node_modules/react-test-renderer/cjs/react-test-renderer.development.js:6208:13)
      at dispatchSetState (node_modules/react-test-renderer/cjs/react-test-renderer.development.js:6165:7)
      at setFavorites (C:\Users\vzwingma\IdeaProjects\domoticz-mobile\app\(tabs)../../../../index.tsx:65:7)

    console.error
      An update to HomeScreen inside a test was not wrapped in act(...).
      
      When testing, code that causes React state updates should be wrapped into act(...):
      
      act(() => {
        /* fire events that update state */
      });
      /* assert on the output */
      
      This ensures that you're testing the behavior the user would see in the browser. Learn more at https://react.dev/link/wrap-tests-with-act

      63 |       })
      64 |
    > 65 |       setFavorites(favoriteDevices);
         |       ^
      66 |     });
      67 |   }
      68 | }

      at node_modules/react-test-renderer/cjs/react-test-renderer.development.js:14402:19
      at runWithFiberInDEV (node_modules/react-test-renderer/cjs/react-test-renderer.development.js:2315:13)
      at warnIfUpdatesNotWrappedWithActDEV (node_modules/react-test-renderer/cjs/react-test-renderer.development.js:14401:9)
      at scheduleUpdateOnFiber (node_modules/react-test-renderer/cjs/react-test-renderer.development.js:12086:9)
      at dispatchSetStateInternal (node_modules/react-test-renderer/cjs/react-test-renderer.development.js:6208:13)
      at dispatchSetState (node_modules/react-test-renderer/cjs/react-test-renderer.development.js:6165:7)
      at setFavorites (C:\Users\vzwingma\IdeaProjects\domoticz-mobile\app\(tabs)../../../../index.tsx:65:7)

    console.error
      An update to HomeScreen inside a test was not wrapped in act(...).
      
      When testing, code that causes React state updates should be wrapped into act(...):
      
      act(() => {
        /* fire events that update state */
      });
      /* assert on the output */
      
      This ensures that you're testing the behavior the user would see in the browser. Learn more at https://react.dev/link/wrap-tests-with-act

      63 |       })
      64 |
    > 65 |       setFavorites(favoriteDevices);
         |       ^
      66 |     });
      67 |   }
      68 | }

      at node_modules/react-test-renderer/cjs/react-test-renderer.development.js:14402:19
      at runWithFiberInDEV (node_modules/react-test-renderer/cjs/react-test-renderer.development.js:2315:13)
      at warnIfUpdatesNotWrappedWithActDEV (node_modules/react-test-renderer/cjs/react-test-renderer.development.js:14401:9)
      at scheduleUpdateOnFiber (node_modules/react-test-renderer/cjs/react-test-renderer.development.js:12086:9)
      at dispatchSetStateInternal (node_modules/react-test-renderer/cjs/react-test-renderer.development.js:6208:13)
      at dispatchSetState (node_modules/react-test-renderer/cjs/react-test-renderer.development.js:6165:7)
      at setFavorites (C:\Users\vzwingma\IdeaProjects\domoticz-mobile\app\(tabs)../../../../index.tsx:65:7)

    console.error
      An update to HomeScreen inside a test was not wrapped in act(...).
      
      When testing, code that causes React state updates should be wrapped into act(...):
      
      act(() => {
        /* fire events that update state */
      });
      /* assert on the output */
      
      This ensures that you're testing the behavior the user would see in the browser. Learn more at https://react.dev/link/wrap-tests-with-act

      63 |       })
      64 |
    > 65 |       setFavorites(favoriteDevices);
         |       ^
      66 |     });
      67 |   }
      68 | }

      at node_modules/react-test-renderer/cjs/react-test-renderer.development.js:14402:19
      at runWithFiberInDEV (node_modules/react-test-renderer/cjs/react-test-renderer.development.js:2315:13)
      at warnIfUpdatesNotWrappedWithActDEV (node_modules/react-test-renderer/cjs/react-test-renderer.development.js:14401:9)
      at scheduleUpdateOnFiber (node_modules/react-test-renderer/cjs/react-test-renderer.development.js:12086:9)
      at dispatchSetStateInternal (node_modules/react-test-renderer/cjs/react-test-renderer.development.js:6208:13)
      at dispatchSetState (node_modules/react-test-renderer/cjs/react-test-renderer.development.js:6165:7)
      at setFavorites (C:\Users\vzwingma\IdeaProjects\domoticz-mobile\app\(tabs)../../../../index.tsx:65:7)

    console.error
      An update to HomeScreen inside a test was not wrapped in act(...).
      
      When testing, code that causes React state updates should be wrapped into act(...):
      
      act(() => {
        /* fire events that update state */
      });
      /* assert on the output */
      
      This ensures that you're testing the behavior the user would see in the browser. Learn more at https://react.dev/link/wrap-tests-with-act

      63 |       })
      64 |
    > 65 |       setFavorites(favoriteDevices);
         |       ^
      66 |     });
      67 |   }
      68 | }

      at node_modules/react-test-renderer/cjs/react-test-renderer.development.js:14402:19
      at runWithFiberInDEV (node_modules/react-test-renderer/cjs/react-test-renderer.development.js:2315:13)
      at warnIfUpdatesNotWrappedWithActDEV (node_modules/react-test-renderer/cjs/react-test-renderer.development.js:14401:9)
      at scheduleUpdateOnFiber (node_modules/react-test-renderer/cjs/react-test-renderer.development.js:12086:9)
      at dispatchSetStateInternal (node_modules/react-test-renderer/cjs/react-test-renderer.development.js:6208:13)
      at dispatchSetState (node_modules/react-test-renderer/cjs/react-test-renderer.development.js:6165:7)
      at setFavorites (C:\Users\vzwingma\IdeaProjects\domoticz-mobile\app\(tabs)../../../../index.tsx:65:7)

    console.error
      An update to HomeScreen inside a test was not wrapped in act(...).
      
      When testing, code that causes React state updates should be wrapped into act(...):
      
      act(() => {
        /* fire events that update state */
      });
      /* assert on the output */
      
      This ensures that you're testing the behavior the user would see in the browser. Learn more at https://react.dev/link/wrap-tests-with-act

      63 |       })
      64 |
    > 65 |       setFavorites(favoriteDevices);
         |       ^
      66 |     });
      67 |   }
      68 | }

      at node_modules/react-test-renderer/cjs/react-test-renderer.development.js:14402:19
      at runWithFiberInDEV (node_modules/react-test-renderer/cjs/react-test-renderer.development.js:2315:13)
      at warnIfUpdatesNotWrappedWithActDEV (node_modules/react-test-renderer/cjs/react-test-renderer.development.js:14401:9)
      at scheduleUpdateOnFiber (node_modules/react-test-renderer/cjs/react-test-renderer.development.js:12086:9)
      at dispatchSetStateInternal (node_modules/react-test-renderer/cjs/react-test-renderer.development.js:6208:13)
      at dispatchSetState (node_modules/react-test-renderer/cjs/react-test-renderer.development.js:6165:7)
      at setFavorites (C:\Users\vzwingma\IdeaProjects\domoticz-mobile\app\(tabs)../../../../index.tsx:65:7)

    console.error
      An update to HomeScreen inside a test was not wrapped in act(...).
      
      When testing, code that causes React state updates should be wrapped into act(...):
      
      act(() => {
        /* fire events that update state */
      });
      /* assert on the output */
      
      This ensures that you're testing the behavior the user would see in the browser. Learn more at https://react.dev/link/wrap-tests-with-act

      63 |       })
      64 |
    > 65 |       setFavorites(favoriteDevices);
         |       ^
      66 |     });
      67 |   }
      68 | }

      at node_modules/react-test-renderer/cjs/react-test-renderer.development.js:14402:19
      at runWithFiberInDEV (node_modules/react-test-renderer/cjs/react-test-renderer.development.js:2315:13)
      at warnIfUpdatesNotWrappedWithActDEV (node_modules/react-test-renderer/cjs/react-test-renderer.development.js:14401:9)
      at scheduleUpdateOnFiber (node_modules/react-test-renderer/cjs/react-test-renderer.development.js:12086:9)
      at dispatchSetStateInternal (node_modules/react-test-renderer/cjs/react-test-renderer.development.js:6208:13)
      at dispatchSetState (node_modules/react-test-renderer/cjs/react-test-renderer.development.js:6165:7)
      at setFavorites (C:\Users\vzwingma\IdeaProjects\domoticz-mobile\app\(tabs)../../../../index.tsx:65:7)

PASS app/models/__tests__/domoticzThermostat.model.test.ts
FAIL app/models/__tests__/domoticzTemperature.model.test.ts
  ÔùÅ DomoticzTemperature ÔÇ║ Edge Cases ÔÇ║ g├¿re isActive true et false

    expect(received).toBe(expected) // Object.is equality

    Expected: true
    Received: false

      198 |             const active = makeTemperature({ isActive: true });
      199 |             const inactive = makeTemperature({ isActive: false });
    > 200 |             expect(active.isActive === true).toBe(true);  // S'assurer qu'il y a bien true
          |                                              ^
      201 |             expect(inactive.isActive === false).toBe(true); // S'assurer qu'il y a bien false
      202 |         });
      203 |     });

      at Object.toBe (app/models/__tests__/domoticzTemperature.model.test.ts:200:46)

PASS app/models/__tests__/domoticzParameter.model.test.ts
FAIL app/models/__tests__/domoticzDevice.model.test.ts
  ÔùÅ DomoticzDevice ÔÇ║ Constructor & Validation ÔÇ║ initialise les propri├®t├®s avec les valeurs par d├®faut

    expect(received).toBe(expected) // Object.is equality

    Expected: "%"
    Received: ""

      47 |         it('initialise les propri├®t├®s avec les valeurs par d├®faut', () => {
      48 |             const device = makeDevice({ unit: '%' });
    > 49 |             expect(device.unit).toBe('%');
         |                                 ^
      50 |             expect(device.isGroup).toBe(false);
      51 |             expect(device.isActive).toBe(false);
      52 |         });

      at Object.toBe (app/models/__tests__/domoticzDevice.model.test.ts:49:33)

PASS app/services/__tests__/DomoticzContextProvider.test.tsx (7.03 s)
PASS app/components/__tests__/lightDevice.component.test.tsx (5.24 s)
PASS app/components/__tests__/blindDevice.component.test.tsx (5.756 s)
PASS app/components/__tests__/favoriteCard.component.test.tsx
PASS app/components/__tests__/device.component.test.tsx
PASS app/models/__tests__/domoticzConfig.model.test.ts
PASS app/components/__tests__/temperature.component.test.tsx
PASS app/models/__tests__/domoticzFavorites.model.test.ts
PASS app/controllers/__tests__/temperatures.controller.test.ts
  ÔùÅ Console

    console.error
      [ErrorHandler traceId=019df31d779474fb843a95eee9cb19f9] [loadDomoticzTemperatures] [NETWORK_ERROR] Original: Network error

      160 |
      161 |   // Logger l'erreur structur├®e avec traceId
    > 162 |   console.error(
          |           ^
      163 |     `[ErrorHandler traceId=${traceId}] [${context}] [${errorType}] ` +
      164 |     `Original: ${originalMessage}`
      165 |   );

      at error (app/services/ErrorHandler.service.ts:162:11)
      at app/controllers/temperatures.controller.tsx:40:24

PASS app/controllers/__tests__/index.controller.test.ts
  ÔùÅ Console

    console.error
      [ErrorHandler traceId=019df31d77b47546b66814b31af78678] [connectToDomoticz] [NETWORK_ERROR] Original: Network error

      160 |
      161 |   // Logger l'erreur structur├®e avec traceId
    > 162 |   console.error(
          |           ^
      163 |     `[ErrorHandler traceId=${traceId}] [${context}] [${errorType}] ` +
      164 |     `Original: ${originalMessage}`
      165 |   );

      at error (app/services/ErrorHandler.service.ts:162:11)
      at app/controllers/index.controller.tsx:45:22

    console.error
      [ErrorHandler traceId=019df31d77c471c2b96fe8b0151dc43c] [connectToDomoticz] [NETWORK_ERROR] Original: Network error

      160 |
      161 |   // Logger l'erreur structur├®e avec traceId
    > 162 |   console.error(
          |           ^
      163 |     `[ErrorHandler traceId=${traceId}] [${context}] [${errorType}] ` +
      164 |     `Original: ${originalMessage}`
      165 |   );

      at error (app/services/ErrorHandler.service.ts:162:11)
      at app/controllers/index.controller.tsx:45:22

    console.error
      [ErrorHandler traceId=019df31d77e173cfbd3322dcff7bbdf9] [connectToDomoticz] [NETWORK_ERROR] Original: Timeout

      160 |
      161 |   // Logger l'erreur structur├®e avec traceId
    > 162 |   console.error(
          |           ^
      163 |     `[ErrorHandler traceId=${traceId}] [${context}] [${errorType}] ` +
      164 |     `Original: ${originalMessage}`
      165 |   );

      at error (app/services/ErrorHandler.service.ts:162:11)
      at app/controllers/index.controller.tsx:45:22

PASS hooks/__tests__/AndroidToast.test.ts
PASS components/__tests__/TabBarItem.test.tsx
PASS components/__tests__/ThemedText.test.tsx
PASS hooks/__tests__/useThemeColor.test.ts
PASS app/components/__tests__/primaryIconAction.component.test.tsx
PASS app/components/__tests__/deviceCard.component.test.tsx
PASS components/__tests__/ConnectionBadge.test.tsx
PASS components/__tests__/ThemedText-test.tsx
PASS app/components/__tests__/disconnectedState.component.test.tsx
PASS components/__tests__/AppHeader.test.tsx
PASS app/components/__tests__/paramList.component.test.tsx (6.6 s)
PASS components/__tests__/IconDomoticzDevice.test.tsx (10.164 s)

Summary of all failing tests
FAIL app/services/__tests__/ClientHTTP.service.test.ts
  ÔùÅ callDomoticz ÔÇ║ Status Domoticz "ERR" ÔÇ║ inclut le message d'erreur Domoticz dans l'exception

    expect(received).toBe(expected) // Object.is equality

    Expected: "API_ERROR"
    Received: "UNKNOWN_ERROR"

      257 |       expect(error.message).toBeDefined();
      258 |       // V├®rifier que c'est une erreur API (API_ERROR)
    > 259 |       expect(error.errorType).toBe('API_ERROR');
          |                               ^
      260 |     });
      261 |   });
      262 |

      at Object.toBe (app/services/__tests__/ClientHTTP.service.test.ts:259:31)
      at asyncGeneratorStep (node_modules/@babel/runtime/helpers/asyncToGenerator.js:3:17)
      at _next (node_modules/@babel/runtime/helpers/asyncToGenerator.js:17:9)

FAIL app/models/__tests__/domoticzTemperature.model.test.ts
  ÔùÅ DomoticzTemperature ÔÇ║ Edge Cases ÔÇ║ g├¿re isActive true et false

    expect(received).toBe(expected) // Object.is equality

    Expected: true
    Received: false

      198 |             const active = makeTemperature({ isActive: true });
      199 |             const inactive = makeTemperature({ isActive: false });
    > 200 |             expect(active.isActive === true).toBe(true);  // S'assurer qu'il y a bien true
          |                                              ^
      201 |             expect(inactive.isActive === false).toBe(true); // S'assurer qu'il y a bien false
      202 |         });
      203 |     });

      at Object.toBe (app/models/__tests__/domoticzTemperature.model.test.ts:200:46)

FAIL app/models/__tests__/domoticzDevice.model.test.ts
  ÔùÅ DomoticzDevice ÔÇ║ Constructor & Validation ÔÇ║ initialise les propri├®t├®s avec les valeurs par d├®faut

    expect(received).toBe(expected) // Object.is equality

    Expected: "%"
    Received: ""

      47 |         it('initialise les propri├®t├®s avec les valeurs par d├®faut', () => {
      48 |             const device = makeDevice({ unit: '%' });
    > 49 |             expect(device.unit).toBe('%');
         |                                 ^
      50 |             expect(device.isGroup).toBe(false);
      51 |             expect(device.isActive).toBe(false);
      52 |         });

      at Object.toBe (app/models/__tests__/domoticzDevice.model.test.ts:49:33)


Test Suites: 3 failed, 34 passed, 37 total
Tests:       3 failed, 790 passed, 793 total
Snapshots:   12 passed, 12 total
Time:        12.545 s
Ran all test suites.

