// Jest Snapshot v1, https://goo.gl/fbAQLP

exports[`DisconnectedState snapshot du composant 1`] = `
<View
  style={
    [
      {
        "alignItems": "center",
        "backgroundColor": "#2a1414",
        "borderColor": "#7f2b2b",
        "borderRadius": 999,
        "borderWidth": 1,
        "flexDirection": "row",
        "gap": 4,
        "paddingHorizontal": 8,
        "paddingVertical": 4,
      },
    ]
  }
>
  <MaterialCommunityIcons
    color="#ff8a80"
    name="wifi-off"
    size={18}
  />
  <Text
    style={
      [
        {
          "color": "#ECEDEE",
        },
        {
          "fontSize": 16,
          "lineHeight": 24,
        },
        undefined,
        undefined,
        undefined,
        undefined,
        undefined,
        undefined,
        [
          {
            "color": "#ffd7d7",
            "fontSize": 12,
            "fontWeight": "700",
            "lineHeight": 14,
          },
        ],
      ]
    }
  >
    Déconnecté
  </Text>
</View>
`;
