// Jest Snapshot v1, https://goo.gl/fbAQLP

exports[`FavoriteQuickActionCard snapshot favori actif 1`] = `
<View
  style={
    [
      {
        "backgroundColor": "#0b0b0b",
        "borderColor": "#3A3A3A",
        "borderWidth": 1,
        "gap": 8,
        "margin": 1,
        "padding": 10,
        "width": "100%",
      },
      false,
    ]
  }
>
  <View
    style={
      {
        "alignItems": "center",
        "flexDirection": "row",
      }
    }
  >
    <View
      accessibilityLabel="Action rapide éteindre Lampe salon"
      accessibilityRole="button"
      accessibilityState={
        {
          "busy": undefined,
          "checked": undefined,
          "disabled": false,
          "expanded": undefined,
          "selected": true,
        }
      }
      accessibilityValue={
        {
          "max": undefined,
          "min": undefined,
          "now": undefined,
          "text": undefined,
        }
      }
      accessible={true}
      collapsable={false}
      focusable={true}
      hitSlop={10}
      onBlur={[Function]}
      onClick={[Function]}
      onFocus={[Function]}
      onResponderGrant={[Function]}
      onResponderMove={[Function]}
      onResponderRelease={[Function]}
      onResponderTerminate={[Function]}
      onResponderTerminationRequest={[Function]}
      onStartShouldSetResponder={[Function]}
      style={
        [
          {
            "alignItems": "center",
            "backgroundColor": "#141414",
            "borderRadius": 14,
            "borderWidth": 1.5,
            "height": 60,
            "justifyContent": "center",
            "minHeight": 44,
            "minWidth": 44,
            "width": 60,
          },
          {
            "backgroundColor": "#1f1a08",
            "borderColor": "#f5c727",
          },
          undefined,
          undefined,
        ]
      }
    >
      <View
        style={
          {
            "alignItems": "center",
            "justifyContent": "center",
          }
        }
      >
        <View
          testID="device-icon"
        />
      </View>
    </View>
    <View
      style={
        {
          "flex": 1,
          "gap": 2,
          "justifyContent": "center",
          "marginLeft": 10,
        }
      }
    >
      <Text
        numberOfLines={1}
        style={
          [
            {
              "color": "#ECEDEE",
            },
            {
              "fontSize": 16,
              "lineHeight": 24,
            },
            undefined,
            undefined,
            undefined,
            undefined,
            undefined,
            undefined,
            [
              {
                "color": "#fff",
                "fontSize": 16,
              },
              {
                "color": "#ffffff",
              },
            ],
          ]
        }
      >
        Lampe salon
      </Text>
      <Text
        numberOfLines={1}
        style={
          [
            {
              "color": "#ECEDEE",
            },
            {
              "fontSize": 16,
              "lineHeight": 24,
            },
            undefined,
            undefined,
            undefined,
            undefined,
            undefined,
            undefined,
            {
              "color": "#d6d6d6",
              "fontSize": 13,
            },
          ]
        }
      >
        État : 
        Allumée
      </Text>
    </View>
  </View>
  <View
    accessibilityLabel="Éteindre Lampe salon"
    accessibilityRole="button"
    accessibilityState={
      {
        "busy": undefined,
        "checked": undefined,
        "disabled": false,
        "expanded": undefined,
        "selected": undefined,
      }
    }
    accessibilityValue={
      {
        "max": undefined,
        "min": undefined,
        "now": undefined,
        "text": undefined,
      }
    }
    accessible={true}
    collapsable={false}
    focusable={true}
    onBlur={[Function]}
    onClick={[Function]}
    onFocus={[Function]}
    onResponderGrant={[Function]}
    onResponderMove={[Function]}
    onResponderRelease={[Function]}
    onResponderTerminate={[Function]}
    onResponderTerminationRequest={[Function]}
    onStartShouldSetResponder={[Function]}
    style={
      [
        {
          "alignItems": "center",
          "backgroundColor": "#1f1a08",
          "borderColor": "#f5c727",
          "borderRadius": 10,
          "borderWidth": 1,
          "justifyContent": "center",
          "minHeight": 44,
        },
        undefined,
        undefined,
      ]
    }
  >
    <Text
      style={
        [
          {
            "color": "#ECEDEE",
          },
          {
            "fontSize": 16,
            "lineHeight": 24,
          },
          undefined,
          undefined,
          undefined,
          undefined,
          undefined,
          undefined,
          {
            "color": "#f5c727",
            "fontSize": 13,
            "fontWeight": "700",
          },
        ]
      }
    >
      Éteindre
    </Text>
  </View>
</View>
`;
